// Jest Snapshot v1, https://goo.gl/fbAQLP

exports[`Home Renders Correctly 1`] = `[Function]`;
